----- Question Log Entry -----
Timestamp: 2025-09-13T03:25:48.5497349Z
True or False | Marks: 10 | Is William Shakespear a poet?
Answers:
A. True (Correct)
B. False 


----- Question Log Entry -----
Timestamp: 2025-09-13T03:32:42.9014355Z
True or False | Marks: 10 | Is go a verb?
Answers:
A. True (Correct)
B. False 


----- Question Log Entry -----
Timestamp: 2025-09-13T03:47:36.7074403Z
True or False | Marks: 10 | Did William Shakespear write Black Beauty?
Answers:
A. True 
B. False (Correct)


----- Question Log Entry -----
Timestamp: 2025-09-13T03:57:47.2483542Z
True or False | Marks: 10 | Did William Shakespear Write Mackbeth?
Answers:
A. True (Correct)
B. False 


----- Question Log Entry -----
Timestamp: 2025-09-13T04:00:21.9358336Z
True or False | Marks: 5 | Is William Defoe a poet?
Answers:
A. True 
B. False (Correct)


